// Jest Snapshot v1, https://goo.gl/fbAQLP

exports[`App component renders App 1`] = `
<Fragment>
  <Header />
  <div
    className="wrapper"
  >
    <div
      className="Character"
    >
      <Character
        created="2 years ago"
        gender="Male"
        id={12}
        image="./src/assets/12.jpeg"
        lastLocation="Anatomy Park"
        name="Alexander"
        origin="Earth (C-137)"
        species="Human"
        status="Dead"
      />
      <Character
        created="2 years ago"
        gender="Male"
        id={68}
        image="./src/assets/68.jpeg"
        lastLocation="Post-Apocalyptic Earth"
        name="Colossus"
        origin="Post-Apocalyptic Earth"
        species="Human"
        status="Dead"
      />
      <Character
        created="2 years ago"
        gender="Male"
        id={91}
        image="./src/assets/91.jpeg"
        lastLocation="Earth (C-500A)"
        name="David Letterman"
        origin="Earth (C-500A)"
        species="Human"
        status="Alive"
      />
      <Character
        created="2 years ago"
        gender="unknown"
        id={96}
        image="./src/assets/96.jpeg"
        lastLocation="Anatomy Park"
        name="Tuberculosis"
        origin="Anatomy Park"
        species="Disease"
        status="Dead"
      />
      <Character
        created="2 years ago"
        gender="unknown"
        id={98}
        image="./src/assets/98.jpeg"
        lastLocation="Anatomy Park"
        name="Hepatitis A"
        origin="Anatomy Park"
        species="Disease"
        status="Dead"
      />
      <Character
        created="2 years ago"
        gender="Male"
        id={358}
        image="./src/assets/358.jpeg"
        lastLocation="Interdimensional Cable"
        name="Tophat Jones"
        origin="unknown"
        species="Humanoid, Leprechaun"
        status="Dead"
      />
      <Character
        created="2 years ago"
        gender="Male"
        id={407}
        image="./src/assets/407.jpeg"
        lastLocation="Interdimensional Cable"
        name="Regular Tyrion Lannister"
        origin="Interdimensional Cable"
        species="Human"
        status="Alive"
      />
      <Character
        created="2 years ago"
        gender="Male"
        id={465}
        image="./src/assets/465.jpeg"
        lastLocation="Citadel of Ricks"
        name="SEAL Team Rick"
        origin="unknown"
        species="Human"
        status="Dead"
      />
    </div>
  </div>
  <Footer />
</Fragment>
`;
